{
  "version": "1.5.0",
  "plugins_used": [
    {
      "name": "ArtifactoryDetector"
    },
    {
      "name": "AWSKeyDetector"
    },
    {
      "name": "AzureStorageKeyDetector"
    },
    {
      "name": "Base64HighEntropyString",
      "limit": 4.5
    },
    {
      "name": "BasicAuthDetector"
    },
    {
      "name": "CloudantDetector"
    },
    {
      "name": "DiscordBotTokenDetector"
    },
    {
      "name": "GitHubTokenDetector"
    },
    {
      "name": "GitLabTokenDetector"
    },
    {
      "name": "HexHighEntropyString",
      "limit": 3.0
    },
    {
      "name": "IbmCloudIamDetector"
    },
    {
      "name": "IbmCosHmacDetector"
    },
    {
      "name": "IPPublicDetector"
    },
    {
      "name": "JwtTokenDetector"
    },
    {
      "name": "KeywordDetector",
      "keyword_exclude": ""
    },
    {
      "name": "MailchimpDetector"
    },
    {
      "name": "NpmDetector"
    },
    {
      "name": "OpenAIDetector"
    },
    {
      "name": "PrivateKeyDetector"
    },
    {
      "name": "PypiTokenDetector"
    },
    {
      "name": "SendGridDetector"
    },
    {
      "name": "SlackDetector"
    },
    {
      "name": "SoftlayerDetector"
    },
    {
      "name": "SquareOAuthDetector"
    },
    {
      "name": "StripeDetector"
    },
    {
      "name": "TelegramBotTokenDetector"
    },
    {
      "name": "TwilioKeyDetector"
    }
  ],
  "filters_used": [
    {
      "path": "detect_secrets.filters.allowlist.is_line_allowlisted"
    },
    {
      "path": "detect_secrets.filters.common.is_baseline_file",
      "filename": ".secrets.baseline"
    },
    {
      "path": "detect_secrets.filters.common.is_ignored_due_to_verification_policies",
      "min_level": 2
    },
    {
      "path": "detect_secrets.filters.heuristic.is_indirect_reference"
    },
    {
      "path": "detect_secrets.filters.heuristic.is_likely_id_string"
    },
    {
      "path": "detect_secrets.filters.heuristic.is_lock_file"
    },
    {
      "path": "detect_secrets.filters.heuristic.is_not_alphanumeric_string"
    },
    {
      "path": "detect_secrets.filters.heuristic.is_potential_uuid"
    },
    {
      "path": "detect_secrets.filters.heuristic.is_prefixed_with_dollar_sign"
    },
    {
      "path": "detect_secrets.filters.heuristic.is_sequential_string"
    },
    {
      "path": "detect_secrets.filters.heuristic.is_swagger_file"
    },
    {
      "path": "detect_secrets.filters.heuristic.is_templated_secret"
    }
  ],
  "results": {
    "docs\\superpowers\\plans\\2026-08-09-xplane-fdau-identity-fdr-kernel-migration.md": [
      {
        "type": "Hex High Entropy String",
        "filename": "docs\\superpowers\\plans\\2026-08-09-xplane-fdau-identity-fdr-kernel-migration.md",
        "hashed_secret": "9c9afb0691e26a9a676b8e370f2b363e8cfcb051",
        "is_verified": false,
        "line_number": 480,
        "is_secret": false
      },
      {
        "type": "Hex High Entropy String",
        "filename": "docs\\superpowers\\plans\\2026-08-09-xplane-fdau-identity-fdr-kernel-migration.md",
        "hashed_secret": "055f24094ffbff364e5ce4f0491ffb5eff792d47",
        "is_verified": false,
        "line_number": 481,
        "is_secret": false
      }
    ],
    "tests\\test_canonical_json.py": [
      {
        "type": "Hex High Entropy String",
        "filename": "tests\\test_canonical_json.py",
        "hashed_secret": "8229bd2e8a475caf46d606e01a550910cdf9eefd",
        "is_verified": false,
        "line_number": 22,
        "is_secret": false
      }
    ],
    "tests\\test_contract_binary64.py": [
      {
        "type": "Hex High Entropy String",
        "filename": "tests\\test_contract_binary64.py",
        "hashed_secret": "2ce71588237eee53d477a9d7ecb3ba4af2009ea7",
        "is_verified": false,
        "line_number": 30,
        "is_secret": false
      },
      {
        "type": "Hex High Entropy String",
        "filename": "tests\\test_contract_binary64.py",
        "hashed_secret": "671232ca514318e6d8ab69e7c07f4e85cea5f3f5",
        "is_verified": false,
        "line_number": 31,
        "is_secret": false
      },
      {
        "type": "Hex High Entropy String",
        "filename": "tests\\test_contract_binary64.py",
        "hashed_secret": "674b006ed9b4f78eb0e678c7d101d35e6b2eba04",
        "is_verified": false,
        "line_number": 32,
        "is_secret": false
      },
      {
        "type": "Hex High Entropy String",
        "filename": "tests\\test_contract_binary64.py",
        "hashed_secret": "81e9048d8fb5936431eaf623d86ba080516fe762",
        "is_verified": false,
        "line_number": 35,
        "is_secret": false
      },
      {
        "type": "Hex High Entropy String",
        "filename": "tests\\test_contract_binary64.py",
        "hashed_secret": "04b798c4379aab629ba1ca8fce95fadbf8ebc24b",
        "is_verified": false,
        "line_number": 36,
        "is_secret": false
      },
      {
        "type": "Hex High Entropy String",
        "filename": "tests\\test_contract_binary64.py",
        "hashed_secret": "913e5db42e39bcd75237fc0c075417c0ccc833a4",
        "is_verified": false,
        "line_number": 37,
        "is_secret": false
      },
      {
        "type": "Hex High Entropy String",
        "filename": "tests\\test_contract_binary64.py",
        "hashed_secret": "205df6ea69ed5016e7658bdafdd27296222f9edf",
        "is_verified": false,
        "line_number": 43,
        "is_secret": false
      },
      {
        "type": "Hex High Entropy String",
        "filename": "tests\\test_contract_binary64.py",
        "hashed_secret": "a5d1a8df03647f6c3cc28d7e816185759a331cff",
        "is_verified": false,
        "line_number": 44,
        "is_secret": false
      }
    ],
    "tests\\test_documentation.py": [
      {
        "type": "Hex High Entropy String",
        "filename": "tests\\test_documentation.py",
        "hashed_secret": "9c9afb0691e26a9a676b8e370f2b363e8cfcb051",
        "is_verified": false,
        "line_number": 157,
        "is_secret": false
      },
      {
        "type": "Hex High Entropy String",
        "filename": "tests\\test_documentation.py",
        "hashed_secret": "055f24094ffbff364e5ce4f0491ffb5eff792d47",
        "is_verified": false,
        "line_number": 158,
        "is_secret": false
      }
    ]
  },
  "generated_at": "2026-09-27T21:46:01Z"
}
